Component: ARM Compiler 5.06 update 7 (build 960) Tool: armlink [4d3601]

==============================================================================

Section Cross References

    retarget.o(.text) refers (Special) to use_no_semi.o(.text) for __use_no_semihosting_swi
    retarget.o(.text) refers to serial.o(.text) for SER_PutChar
    retarget.o(.data) refers (Special) to use_no_semi.o(.text) for __use_no_semihosting_swi
    led.o(.text) refers to led.o(.constdata) for led_mask
    blinky.o(.text) refers to serial.o(.text) for SER_Initialize
    blinky.o(.text) refers to led.o(.text) for LED_Initialize
    blinky.o(.text) refers to systick.o(.text) for initSysTick1ms
    blinky.o(.text) refers to clock_handler.o(.text) for incrementarSegundo
    systick.o(.text) refers to _printf_percent.o(.ARM.Collect$$_printf_percent$$00000000) for _printf_percent
    systick.o(.text) refers to _printf_d.o(.ARM.Collect$$_printf_percent$$00000009) for _printf_d
    systick.o(.text) refers to _printf_dec.o(.text) for _printf_int_dec
    systick.o(.text) refers to _printf_u.o(.ARM.Collect$$_printf_percent$$0000000A) for _printf_u
    systick.o(.text) refers to _printf_llu.o(.ARM.Collect$$_printf_percent$$0000000F) for _printf_llu
    systick.o(.text) refers to _printf_longlong_dec.o(.text) for _printf_longlong_dec
    systick.o(.text) refers to noretval__2printf.o(.text) for __2printf
    systick.o(.text) refers to lludivv7m.o(.text) for __aeabi_uldivmod
    systick.o(.text) refers to system_tm4c129.o(.text) for SystemCoreClockUpdate
    systick.o(.text) refers to systick.o(.data) for msTicks
    systick.o(.text) refers to system_tm4c129.o(.data) for SystemCoreClock
    clock_handler.o(.text) refers to clock_handler.o(.data) for horas
    startup_tm4c129.o(STACK) refers (Special) to heapauxi.o(.text) for __use_two_region_memory
    startup_tm4c129.o(HEAP) refers (Special) to heapauxi.o(.text) for __use_two_region_memory
    startup_tm4c129.o(RESET) refers (Special) to heapauxi.o(.text) for __use_two_region_memory
    startup_tm4c129.o(RESET) refers to startup_tm4c129.o(STACK) for __initial_sp
    startup_tm4c129.o(RESET) refers to startup_tm4c129.o(.text) for Reset_Handler
    startup_tm4c129.o(RESET) refers to systick.o(.text) for SysTick_Handler
    startup_tm4c129.o(.text) refers (Special) to heapauxi.o(.text) for __use_two_region_memory
    startup_tm4c129.o(.text) refers to system_tm4c129.o(.text) for SystemInit
    startup_tm4c129.o(.text) refers to __main.o(!!!main) for __main
    startup_tm4c129.o(.text) refers to startup_tm4c129.o(HEAP) for Heap_Mem
    startup_tm4c129.o(.text) refers to startup_tm4c129.o(STACK) for Stack_Mem
    system_tm4c129.o(.text) refers to system_tm4c129.o(.data) for SystemCoreClock
    __2printf.o(.text) refers to _printf_char_file.o(.text) for _printf_char_file
    __2printf.o(.text) refers to retarget.o(.data) for __stdout
    noretval__2printf.o(.text) refers to _printf_char_file.o(.text) for _printf_char_file
    noretval__2printf.o(.text) refers to retarget.o(.data) for __stdout
    __printf.o(.text) refers to _printf_percent.o(.ARM.Collect$$_printf_percent$$00000000) for _printf_percent
    _printf_dec.o(.text) refers to _printf_intcommon.o(.text) for _printf_int_common
    _printf_longlong_dec.o(.text) refers to lludiv10.o(.text) for _ll_udiv10
    _printf_longlong_dec.o(.text) refers to _printf_intcommon.o(.text) for _printf_int_common
    __printf_flags.o(.text) refers to _printf_percent.o(.ARM.Collect$$_printf_percent$$00000000) for _printf_percent
    __printf_flags.o(.text) refers to __printf_flags.o(.constdata) for .constdata
    __printf_ss.o(.text) refers to _printf_percent.o(.ARM.Collect$$_printf_percent$$00000000) for _printf_percent
    __printf_flags_ss.o(.text) refers to _printf_percent.o(.ARM.Collect$$_printf_percent$$00000000) for _printf_percent
    __printf_flags_ss.o(.text) refers to __printf_flags_ss.o(.constdata) for .constdata
    __printf_wp.o(.text) refers to __printf_wp.o(i._is_digit) for _is_digit
    __printf_wp.o(.text) refers to _printf_percent.o(.ARM.Collect$$_printf_percent$$00000000) for _printf_percent
    __printf_flags_wp.o(.text) refers to __printf_wp.o(i._is_digit) for _is_digit
    __printf_flags_wp.o(.text) refers to _printf_percent.o(.ARM.Collect$$_printf_percent$$00000000) for _printf_percent
    __printf_flags_wp.o(.text) refers to __printf_flags_wp.o(.constdata) for .constdata
    __printf_ss_wp.o(.text) refers to __printf_wp.o(i._is_digit) for _is_digit
    __printf_ss_wp.o(.text) refers to _printf_percent.o(.ARM.Collect$$_printf_percent$$00000000) for _printf_percent
    __printf_flags_ss_wp.o(.text) refers to __printf_wp.o(i._is_digit) for _is_digit
    __printf_flags_ss_wp.o(.text) refers to _printf_percent.o(.ARM.Collect$$_printf_percent$$00000000) for _printf_percent
    __printf_flags_ss_wp.o(.text) refers to __printf_flags_ss_wp.o(.constdata) for .constdata
    _printf_d.o(.ARM.Collect$$_printf_percent$$00000009) refers (Weak) to _printf_dec.o(.text) for _printf_int_dec
    _printf_u.o(.ARM.Collect$$_printf_percent$$0000000A) refers (Weak) to _printf_dec.o(.text) for _printf_int_dec
    _printf_percent.o(.ARM.Collect$$_printf_percent$$00000000) refers (Special) to _printf_percent_end.o(.ARM.Collect$$_printf_percent$$00000017) for _printf_percent_end
    _printf_llu.o(.ARM.Collect$$_printf_percent$$0000000F) refers (Special) to _printf_ll.o(.ARM.Collect$$_printf_percent$$00000007) for _printf_ll
    _printf_llu.o(.ARM.Collect$$_printf_percent$$0000000F) refers (Weak) to _printf_longlong_dec.o(.text) for _printf_longlong_dec
    __main.o(!!!main) refers to __rtentry.o(.ARM.Collect$$rtentry$$00000000) for __rt_entry
    __rtentry.o(.ARM.Collect$$rtentry$$00000000) refers (Special) to __rtentry2.o(.ARM.Collect$$rtentry$$0000000A) for __rt_entry_li
    __rtentry.o(.ARM.Collect$$rtentry$$00000000) refers (Special) to __rtentry2.o(.ARM.Collect$$rtentry$$0000000D) for __rt_entry_main
    __rtentry.o(.ARM.Collect$$rtentry$$00000000) refers (Special) to __rtentry2.o(.ARM.Collect$$rtentry$$0000000C) for __rt_entry_postli_1
    __rtentry.o(.ARM.Collect$$rtentry$$00000000) refers (Special) to __rtentry2.o(.ARM.Collect$$rtentry$$00000009) for __rt_entry_postsh_1
    __rtentry.o(.ARM.Collect$$rtentry$$00000000) refers (Special) to __rtentry2.o(.ARM.Collect$$rtentry$$00000002) for __rt_entry_presh_1
    __rtentry.o(.ARM.Collect$$rtentry$$00000000) refers (Special) to __rtentry4.o(.ARM.Collect$$rtentry$$00000004) for __rt_entry_sh
    aeabi_ldiv0_sigfpe.o(.text) refers to rt_div0.o(.text) for __rt_div0
    _printf_char_file.o(.text) refers to _printf_char_common.o(.text) for _printf_char_common
    _printf_char_file.o(.text) refers to retarget.o(.text) for ferror
    __rtentry2.o(.ARM.Collect$$rtentry$$00000008) refers to boardinit2.o(.text) for _platform_post_stackheap_init
    __rtentry2.o(.ARM.Collect$$rtentry$$0000000A) refers to libinit.o(.ARM.Collect$$libinit$$00000000) for __rt_lib_init
    __rtentry2.o(.ARM.Collect$$rtentry$$0000000B) refers to boardinit3.o(.text) for _platform_post_lib_init
    __rtentry2.o(.ARM.Collect$$rtentry$$0000000D) refers to blinky.o(.text) for main
    __rtentry2.o(.ARM.Collect$$rtentry$$0000000D) refers to exit.o(.text) for exit
    __rtentry2.o(.ARM.exidx) refers to __rtentry2.o(.ARM.Collect$$rtentry$$00000001) for .ARM.Collect$$rtentry$$00000001
    __rtentry2.o(.ARM.exidx) refers to __rtentry2.o(.ARM.Collect$$rtentry$$00000008) for .ARM.Collect$$rtentry$$00000008
    __rtentry2.o(.ARM.exidx) refers to __rtentry2.o(.ARM.Collect$$rtentry$$0000000A) for .ARM.Collect$$rtentry$$0000000A
    __rtentry2.o(.ARM.exidx) refers to __rtentry2.o(.ARM.Collect$$rtentry$$0000000B) for .ARM.Collect$$rtentry$$0000000B
    __rtentry2.o(.ARM.exidx) refers to __rtentry2.o(.ARM.Collect$$rtentry$$0000000D) for .ARM.Collect$$rtentry$$0000000D
    __rtentry4.o(.ARM.Collect$$rtentry$$00000004) refers to sys_stackheap_outer.o(.text) for __user_setup_stackheap
    __rtentry4.o(.ARM.exidx) refers to __rtentry4.o(.ARM.Collect$$rtentry$$00000004) for .ARM.Collect$$rtentry$$00000004
    rt_div0.o(.text) refers to defsig_fpe_outer.o(.text) for __rt_SIGFPE
    _printf_char_common.o(.text) refers to __printf_ss.o(.text) for __printf
    sys_stackheap_outer.o(.text) refers to libspace.o(.text) for __user_perproc_libspace
    sys_stackheap_outer.o(.text) refers to startup_tm4c129.o(.text) for __user_initial_stackheap
    exit.o(.text) refers to rtexit.o(.ARM.Collect$$rtexit$$00000000) for __rt_exit
    defsig_fpe_outer.o(.text) refers to defsig_fpe_inner.o(.text) for __rt_SIGFPE_inner
    defsig_fpe_outer.o(.text) refers to defsig_exit.o(.text) for __sig_exit
    defsig_fpe_formal.o(.text) refers to rt_raise.o(.text) for __rt_raise
    libinit.o(.ARM.Collect$$libinit$$00000000) refers (Special) to libinit2.o(.ARM.Collect$$libinit$$0000002E) for __rt_lib_init_alloca_1
    libinit.o(.ARM.Collect$$libinit$$00000000) refers (Special) to libinit2.o(.ARM.Collect$$libinit$$0000002C) for __rt_lib_init_argv_1
    libinit.o(.ARM.Collect$$libinit$$00000000) refers (Special) to libinit2.o(.ARM.Collect$$libinit$$0000001B) for __rt_lib_init_atexit_1
    libinit.o(.ARM.Collect$$libinit$$00000000) refers (Special) to libinit2.o(.ARM.Collect$$libinit$$00000021) for __rt_lib_init_clock_1
    libinit.o(.ARM.Collect$$libinit$$00000000) refers (Special) to libinit2.o(.ARM.Collect$$libinit$$00000032) for __rt_lib_init_cpp_1
    libinit.o(.ARM.Collect$$libinit$$00000000) refers (Special) to libinit2.o(.ARM.Collect$$libinit$$00000030) for __rt_lib_init_exceptions_1
    libinit.o(.ARM.Collect$$libinit$$00000000) refers (Special) to libinit2.o(.ARM.Collect$$libinit$$00000001) for __rt_lib_init_fp_1
    libinit.o(.ARM.Collect$$libinit$$00000000) refers (Special) to libinit2.o(.ARM.Collect$$libinit$$0000001F) for __rt_lib_init_fp_trap_1
    libinit.o(.ARM.Collect$$libinit$$00000000) refers (Special) to libinit2.o(.ARM.Collect$$libinit$$00000023) for __rt_lib_init_getenv_1
    libinit.o(.ARM.Collect$$libinit$$00000000) refers (Special) to libinit2.o(.ARM.Collect$$libinit$$0000000A) for __rt_lib_init_heap_1
    libinit.o(.ARM.Collect$$libinit$$00000000) refers (Special) to libinit2.o(.ARM.Collect$$libinit$$00000011) for __rt_lib_init_lc_collate_1
    libinit.o(.ARM.Collect$$libinit$$00000000) refers (Special) to libinit2.o(.ARM.Collect$$libinit$$00000013) for __rt_lib_init_lc_ctype_1
    libinit.o(.ARM.Collect$$libinit$$00000000) refers (Special) to libinit2.o(.ARM.Collect$$libinit$$00000015) for __rt_lib_init_lc_monetary_1
    libinit.o(.ARM.Collect$$libinit$$00000000) refers (Special) to libinit2.o(.ARM.Collect$$libinit$$00000017) for __rt_lib_init_lc_numeric_1
    libinit.o(.ARM.Collect$$libinit$$00000000) refers (Special) to libinit2.o(.ARM.Collect$$libinit$$00000019) for __rt_lib_init_lc_time_1
    libinit.o(.ARM.Collect$$libinit$$00000000) refers (Special) to libinit2.o(.ARM.Collect$$libinit$$00000004) for __rt_lib_init_preinit_1
    libinit.o(.ARM.Collect$$libinit$$00000000) refers (Special) to libinit2.o(.ARM.Collect$$libinit$$0000000E) for __rt_lib_init_rand_1
    libinit.o(.ARM.Collect$$libinit$$00000000) refers (Special) to libinit2.o(.ARM.Collect$$libinit$$00000033) for __rt_lib_init_return
    libinit.o(.ARM.Collect$$libinit$$00000000) refers (Special) to libinit2.o(.ARM.Collect$$libinit$$0000001D) for __rt_lib_init_signal_1
    libinit.o(.ARM.Collect$$libinit$$00000000) refers (Special) to libinit2.o(.ARM.Collect$$libinit$$00000025) for __rt_lib_init_stdio_1
    libinit.o(.ARM.Collect$$libinit$$00000000) refers (Special) to libinit2.o(.ARM.Collect$$libinit$$0000000C) for __rt_lib_init_user_alloc_1
    libspace.o(.text) refers to libspace.o(.bss) for __libspace_start
    rtexit.o(.ARM.Collect$$rtexit$$00000000) refers (Special) to rtexit2.o(.ARM.Collect$$rtexit$$00000004) for __rt_exit_exit
    rtexit.o(.ARM.Collect$$rtexit$$00000000) refers (Special) to rtexit2.o(.ARM.Collect$$rtexit$$00000003) for __rt_exit_ls
    rtexit.o(.ARM.Collect$$rtexit$$00000000) refers (Special) to rtexit2.o(.ARM.Collect$$rtexit$$00000002) for __rt_exit_prels_1
    rtexit.o(.ARM.exidx) refers (Special) to rtexit2.o(.ARM.Collect$$rtexit$$00000004) for __rt_exit_exit
    rtexit.o(.ARM.exidx) refers (Special) to rtexit2.o(.ARM.Collect$$rtexit$$00000003) for __rt_exit_ls
    rtexit.o(.ARM.exidx) refers (Special) to rtexit2.o(.ARM.Collect$$rtexit$$00000002) for __rt_exit_prels_1
    rtexit.o(.ARM.exidx) refers to rtexit.o(.ARM.Collect$$rtexit$$00000000) for .ARM.Collect$$rtexit$$00000000
    rt_raise.o(.text) refers to __raise.o(.text) for __raise
    rt_raise.o(.text) refers to retarget.o(.text) for _sys_exit
    defsig_exit.o(.text) refers to retarget.o(.text) for _sys_exit
    defsig_fpe_inner.o(.text) refers to defsig_general.o(.text) for __default_signal_display
    libinit2.o(.ARM.Collect$$libinit$$00000001) refers to fpinit.o(x$fpl$fpinit) for _fp_init
    libinit2.o(.ARM.Collect$$libinit$$00000010) refers to libinit2.o(.ARM.Collect$$libinit$$0000000F) for .ARM.Collect$$libinit$$0000000F
    libinit2.o(.ARM.Collect$$libinit$$00000012) refers to libinit2.o(.ARM.Collect$$libinit$$0000000F) for .ARM.Collect$$libinit$$0000000F
    libinit2.o(.ARM.Collect$$libinit$$00000014) refers to libinit2.o(.ARM.Collect$$libinit$$0000000F) for .ARM.Collect$$libinit$$0000000F
    libinit2.o(.ARM.Collect$$libinit$$00000016) refers to libinit2.o(.ARM.Collect$$libinit$$0000000F) for .ARM.Collect$$libinit$$0000000F
    libinit2.o(.ARM.Collect$$libinit$$00000018) refers to libinit2.o(.ARM.Collect$$libinit$$0000000F) for .ARM.Collect$$libinit$$0000000F
    libinit2.o(.ARM.Collect$$libinit$$00000026) refers to argv_veneer.o(.emb_text) for __ARM_argv_veneer
    libinit2.o(.ARM.Collect$$libinit$$00000027) refers to argv_veneer.o(.emb_text) for __ARM_argv_veneer
    rtexit2.o(.ARM.Collect$$rtexit$$00000003) refers to libshutdown.o(.ARM.Collect$$libshutdown$$00000000) for __rt_lib_shutdown
    rtexit2.o(.ARM.Collect$$rtexit$$00000004) refers to retarget.o(.text) for _sys_exit
    rtexit2.o(.ARM.exidx) refers to rtexit2.o(.ARM.Collect$$rtexit$$00000001) for .ARM.Collect$$rtexit$$00000001
    rtexit2.o(.ARM.exidx) refers to rtexit2.o(.ARM.Collect$$rtexit$$00000003) for .ARM.Collect$$rtexit$$00000003
    rtexit2.o(.ARM.exidx) refers to rtexit2.o(.ARM.Collect$$rtexit$$00000004) for .ARM.Collect$$rtexit$$00000004
    __raise.o(.text) refers to defsig.o(CL$$defsig) for __default_signal_handler
    defsig_general.o(.text) refers to retarget.o(.text) for _ttywrch
    argv_veneer.o(.emb_text) refers to no_argv.o(.text) for __ARM_get_argv
    defsig.o(CL$$defsig) refers to defsig_fpe_inner.o(.text) for __rt_SIGFPE_inner
    defsig.o(CL$$defsig) refers to defsig_rtmem_inner.o(.text) for __rt_SIGRTMEM_inner
    _get_argv_nomalloc.o(.text) refers (Special) to hrguard.o(.text) for __heap_region$guard
    _get_argv_nomalloc.o(.text) refers to defsig_rtmem_outer.o(.text) for __rt_SIGRTMEM
    _get_argv_nomalloc.o(.text) refers to sys_command.o(.text) for _sys_command_string
    libshutdown.o(.ARM.Collect$$libshutdown$$00000000) refers (Special) to libshutdown2.o(.ARM.Collect$$libshutdown$$00000004) for __rt_lib_shutdown_cpp_1
    libshutdown.o(.ARM.Collect$$libshutdown$$00000000) refers (Special) to libshutdown2.o(.ARM.Collect$$libshutdown$$00000002) for __rt_lib_shutdown_fini_1
    libshutdown.o(.ARM.Collect$$libshutdown$$00000000) refers (Special) to libshutdown2.o(.ARM.Collect$$libshutdown$$00000009) for __rt_lib_shutdown_fp_trap_1
    libshutdown.o(.ARM.Collect$$libshutdown$$00000000) refers (Special) to libshutdown2.o(.ARM.Collect$$libshutdown$$00000011) for __rt_lib_shutdown_heap_1
    libshutdown.o(.ARM.Collect$$libshutdown$$00000000) refers (Special) to libshutdown2.o(.ARM.Collect$$libshutdown$$00000012) for __rt_lib_shutdown_return
    libshutdown.o(.ARM.Collect$$libshutdown$$00000000) refers (Special) to libshutdown2.o(.ARM.Collect$$libshutdown$$0000000C) for __rt_lib_shutdown_signal_1
    libshutdown.o(.ARM.Collect$$libshutdown$$00000000) refers (Special) to libshutdown2.o(.ARM.Collect$$libshutdown$$00000006) for __rt_lib_shutdown_stdio_1
    libshutdown.o(.ARM.Collect$$libshutdown$$00000000) refers (Special) to libshutdown2.o(.ARM.Collect$$libshutdown$$0000000E) for __rt_lib_shutdown_user_alloc_1
    sys_command.o(.text) refers (Special) to use_no_semi.o(.text) for __I$use$semihosting
    sys_command.o(.text) refers (Special) to indicate_semi.o(.text) for __semihosting_library_function
    defsig_abrt_inner.o(.text) refers to defsig_general.o(.text) for __default_signal_display
    defsig_rtred_inner.o(.text) refers to defsig_general.o(.text) for __default_signal_display
    defsig_rtmem_inner.o(.text) refers to defsig_general.o(.text) for __default_signal_display
    defsig_rtmem_outer.o(.text) refers to defsig_rtmem_inner.o(.text) for __rt_SIGRTMEM_inner
    defsig_rtmem_outer.o(.text) refers to defsig_exit.o(.text) for __sig_exit
    defsig_rtmem_formal.o(.text) refers to rt_raise.o(.text) for __rt_raise
    defsig_stak_inner.o(.text) refers to defsig_general.o(.text) for __default_signal_display
    defsig_pvfn_inner.o(.text) refers to defsig_general.o(.text) for __default_signal_display
    defsig_cppl_inner.o(.text) refers to defsig_general.o(.text) for __default_signal_display
    defsig_segv_inner.o(.text) refers to defsig_general.o(.text) for __default_signal_display
    defsig_other.o(.text) refers to defsig_general.o(.text) for __default_signal_display


==============================================================================

Removing Unused input sections from the image.

    Removing serial.o(.rev16_text), (4 bytes).
    Removing serial.o(.revsh_text), (4 bytes).
    Removing serial.o(.rrx_text), (6 bytes).
    Removing btn.o(.rev16_text), (4 bytes).
    Removing btn.o(.revsh_text), (4 bytes).
    Removing btn.o(.rrx_text), (6 bytes).
    Removing btn.o(.text), (96 bytes).
    Removing led.o(.rev16_text), (4 bytes).
    Removing led.o(.revsh_text), (4 bytes).
    Removing led.o(.rrx_text), (6 bytes).
    Removing blinky.o(.rev16_text), (4 bytes).
    Removing blinky.o(.revsh_text), (4 bytes).
    Removing blinky.o(.rrx_text), (6 bytes).
    Removing systick.o(.rev16_text), (4 bytes).
    Removing systick.o(.revsh_text), (4 bytes).
    Removing systick.o(.rrx_text), (6 bytes).
    Removing systick.o(.constdata), (4 bytes).
    Removing clock_handler.o(.rev16_text), (4 bytes).
    Removing clock_handler.o(.revsh_text), (4 bytes).
    Removing clock_handler.o(.rrx_text), (6 bytes).
    Removing system_tm4c129.o(.rev16_text), (4 bytes).
    Removing system_tm4c129.o(.revsh_text), (4 bytes).
    Removing system_tm4c129.o(.rrx_text), (6 bytes).

23 unused section(s) (total 198 bytes) removed from the image.

==============================================================================

Image Symbol Table

    Local Symbols

    Symbol Name                              Value     Ov Type        Size  Object(Section)

    ../clib/angel/boardlib.s                 0x00000000   Number         0  boardinit2.o ABSOLUTE
    ../clib/angel/boardlib.s                 0x00000000   Number         0  boardinit3.o ABSOLUTE
    ../clib/angel/boardlib.s                 0x00000000   Number         0  boardshut.o ABSOLUTE
    ../clib/angel/boardlib.s                 0x00000000   Number         0  boardinit1.o ABSOLUTE
    ../clib/angel/handlers.s                 0x00000000   Number         0  __scatter_zi.o ABSOLUTE
    ../clib/angel/handlers.s                 0x00000000   Number         0  __scatter_copy.o ABSOLUTE
    ../clib/angel/kernel.s                   0x00000000   Number         0  __rtentry.o ABSOLUTE
    ../clib/angel/kernel.s                   0x00000000   Number         0  rtexit2.o ABSOLUTE
    ../clib/angel/kernel.s                   0x00000000   Number         0  rtexit.o ABSOLUTE
    ../clib/angel/kernel.s                   0x00000000   Number         0  __rtentry4.o ABSOLUTE
    ../clib/angel/kernel.s                   0x00000000   Number         0  __rtentry2.o ABSOLUTE
    ../clib/angel/rt.s                       0x00000000   Number         0  rt_raise.o ABSOLUTE
    ../clib/angel/rt.s                       0x00000000   Number         0  aeabi_ldiv0.o ABSOLUTE
    ../clib/angel/rt.s                       0x00000000   Number         0  aeabi_ldiv0_sigfpe.o ABSOLUTE
    ../clib/angel/rt.s                       0x00000000   Number         0  rt_div0.o ABSOLUTE
    ../clib/angel/scatter.s                  0x00000000   Number         0  __scatter.o ABSOLUTE
    ../clib/angel/startup.s                  0x00000000   Number         0  __main.o ABSOLUTE
    ../clib/angel/sys.s                      0x00000000   Number         0  libspace.o ABSOLUTE
    ../clib/angel/sys.s                      0x00000000   Number         0  sys_stackheap_outer.o ABSOLUTE
    ../clib/angel/sys.s                      0x00000000   Number         0  use_no_semi.o ABSOLUTE
    ../clib/angel/sys.s                      0x00000000   Number         0  indicate_semi.o ABSOLUTE
    ../clib/angel/sysapp.c                   0x00000000   Number         0  sys_command.o ABSOLUTE
    ../clib/armsys.c                         0x00000000   Number         0  no_argv.o ABSOLUTE
    ../clib/armsys.c                         0x00000000   Number         0  _get_argv_nomalloc.o ABSOLUTE
    ../clib/armsys.c                         0x00000000   Number         0  argv_veneer.o ABSOLUTE
    ../clib/armsys.c                         0x00000000   Number         0  argv_veneer.o ABSOLUTE
    ../clib/heapalloc.c                      0x00000000   Number         0  hrguard.o ABSOLUTE
    ../clib/heapaux.c                        0x00000000   Number         0  heapauxi.o ABSOLUTE
    ../clib/libinit.s                        0x00000000   Number         0  libinit2.o ABSOLUTE
    ../clib/libinit.s                        0x00000000   Number         0  libinit.o ABSOLUTE
    ../clib/libinit.s                        0x00000000   Number         0  libshutdown2.o ABSOLUTE
    ../clib/libinit.s                        0x00000000   Number         0  libshutdown.o ABSOLUTE
    ../clib/longlong.s                       0x00000000   Number         0  lludiv10.o ABSOLUTE
    ../clib/longlong.s                       0x00000000   Number         0  lludivv7m.o ABSOLUTE
    ../clib/misc.s                           0x00000000   Number         0  printf_stubs.o ABSOLUTE
    ../clib/printf.c                         0x00000000   Number         0  __2printf.o ABSOLUTE
    ../clib/printf.c                         0x00000000   Number         0  noretval__2printf.o ABSOLUTE
    ../clib/printf.c                         0x00000000   Number         0  _printf_char_common.o ABSOLUTE
    ../clib/printf.c                         0x00000000   Number         0  _printf_intcommon.o ABSOLUTE
    ../clib/printf.c                         0x00000000   Number         0  _printf_dec.o ABSOLUTE
    ../clib/printf.c                         0x00000000   Number         0  _printf_char_file.o ABSOLUTE
    ../clib/printf.c                         0x00000000   Number         0  _printf_longlong_dec.o ABSOLUTE
    ../clib/printf.c                         0x00000000   Number         0  __printf.o ABSOLUTE
    ../clib/printf.c                         0x00000000   Number         0  __printf_flags.o ABSOLUTE
    ../clib/printf.c                         0x00000000   Number         0  __printf_ss.o ABSOLUTE
    ../clib/printf.c                         0x00000000   Number         0  __printf_nopercent.o ABSOLUTE
    ../clib/printf.c                         0x00000000   Number         0  __printf_flags_ss.o ABSOLUTE
    ../clib/printf.c                         0x00000000   Number         0  __printf_wp.o ABSOLUTE
    ../clib/printf.c                         0x00000000   Number         0  __printf_flags_wp.o ABSOLUTE
    ../clib/printf.c                         0x00000000   Number         0  __printf_ss_wp.o ABSOLUTE
    ../clib/printf.c                         0x00000000   Number         0  __printf_flags_ss_wp.o ABSOLUTE
    ../clib/printf_percent.s                 0x00000000   Number         0  _printf_percent_end.o ABSOLUTE
    ../clib/printf_percent.s                 0x00000000   Number         0  _printf_percent.o ABSOLUTE
    ../clib/printf_percent.s                 0x00000000   Number         0  _printf_u.o ABSOLUTE
    ../clib/printf_percent.s                 0x00000000   Number         0  _printf_d.o ABSOLUTE
    ../clib/printf_percent.s                 0x00000000   Number         0  _printf_ll.o ABSOLUTE
    ../clib/printf_percent.s                 0x00000000   Number         0  _printf_llu.o ABSOLUTE
    ../clib/signal.c                         0x00000000   Number         0  defsig_segv_inner.o ABSOLUTE
    ../clib/signal.c                         0x00000000   Number         0  defsig_other.o ABSOLUTE
    ../clib/signal.c                         0x00000000   Number         0  defsig_rtmem_outer.o ABSOLUTE
    ../clib/signal.c                         0x00000000   Number         0  defsig_fpe_outer.o ABSOLUTE
    ../clib/signal.c                         0x00000000   Number         0  defsig_fpe_formal.o ABSOLUTE
    ../clib/signal.c                         0x00000000   Number         0  defsig_exit.o ABSOLUTE
    ../clib/signal.c                         0x00000000   Number         0  defsig_fpe_inner.o ABSOLUTE
    ../clib/signal.c                         0x00000000   Number         0  __raise.o ABSOLUTE
    ../clib/signal.c                         0x00000000   Number         0  defsig_general.o ABSOLUTE
    ../clib/signal.c                         0x00000000   Number         0  defsig_abrt_inner.o ABSOLUTE
    ../clib/signal.c                         0x00000000   Number         0  defsig_rtred_inner.o ABSOLUTE
    ../clib/signal.c                         0x00000000   Number         0  defsig_rtmem_inner.o ABSOLUTE
    ../clib/signal.c                         0x00000000   Number         0  defsig_rtmem_formal.o ABSOLUTE
    ../clib/signal.c                         0x00000000   Number         0  defsig_stak_inner.o ABSOLUTE
    ../clib/signal.c                         0x00000000   Number         0  defsig_pvfn_inner.o ABSOLUTE
    ../clib/signal.c                         0x00000000   Number         0  defsig_cppl_inner.o ABSOLUTE
    ../clib/signal.s                         0x00000000   Number         0  defsig.o ABSOLUTE
    ../clib/stdlib.c                         0x00000000   Number         0  exit.o ABSOLUTE
    ../fplib/fpinit.s                        0x00000000   Number         0  fpinit.o ABSOLUTE
    BTN.c                                    0x00000000   Number         0  btn.o ABSOLUTE
    BTN.c                                    0x00000000   Number         0  btn.o ABSOLUTE
    Blinky.c                                 0x00000000   Number         0  blinky.o ABSOLUTE
    Blinky.c                                 0x00000000   Number         0  blinky.o ABSOLUTE
    CLOCK_HANDLER.c                          0x00000000   Number         0  clock_handler.o ABSOLUTE
    CLOCK_HANDLER.c                          0x00000000   Number         0  clock_handler.o ABSOLUTE
    LED.c                                    0x00000000   Number         0  led.o ABSOLUTE
    LED.c                                    0x00000000   Number         0  led.o ABSOLUTE
    RTE\Device\TM4C1294NCPDT\startup_TM4C129.s 0x00000000   Number         0  startup_tm4c129.o ABSOLUTE
    RTE\Device\TM4C1294NCPDT\system_TM4C129.c 0x00000000   Number         0  system_tm4c129.o ABSOLUTE
    RTE\\Device\\TM4C1294NCPDT\\system_TM4C129.c 0x00000000   Number         0  system_tm4c129.o ABSOLUTE
    Retarget.c                               0x00000000   Number         0  retarget.o ABSOLUTE
    SYSTICK.c                                0x00000000   Number         0  systick.o ABSOLUTE
    SYSTICK.c                                0x00000000   Number         0  systick.o ABSOLUTE
    Serial.c                                 0x00000000   Number         0  serial.o ABSOLUTE
    Serial.c                                 0x00000000   Number         0  serial.o ABSOLUTE
    dc.s                                     0x00000000   Number         0  dc.o ABSOLUTE
    RESET                                    0x20000000   Section      512  startup_tm4c129.o(RESET)
    !!!main                                  0x20000200   Section        8  __main.o(!!!main)
    !!!scatter                               0x20000208   Section       52  __scatter.o(!!!scatter)
    !!handler_copy                           0x2000023c   Section       26  __scatter_copy.o(!!handler_copy)
    !!handler_zi                             0x20000258   Section       28  __scatter_zi.o(!!handler_zi)
    .ARM.Collect$$_printf_percent$$00000000  0x20000274   Section        0  _printf_percent.o(.ARM.Collect$$_printf_percent$$00000000)
    .ARM.Collect$$_printf_percent$$00000007  0x20000274   Section       10  _printf_ll.o(.ARM.Collect$$_printf_percent$$00000007)
    .ARM.Collect$$_printf_percent$$00000009  0x2000027e   Section        6  _printf_d.o(.ARM.Collect$$_printf_percent$$00000009)
    .ARM.Collect$$_printf_percent$$0000000A  0x20000284   Section        6  _printf_u.o(.ARM.Collect$$_printf_percent$$0000000A)
    .ARM.Collect$$_printf_percent$$0000000F  0x2000028a   Section        6  _printf_llu.o(.ARM.Collect$$_printf_percent$$0000000F)
    .ARM.Collect$$_printf_percent$$00000017  0x20000290   Section        4  _printf_percent_end.o(.ARM.Collect$$_printf_percent$$00000017)
    .ARM.Collect$$libinit$$00000000          0x20000294   Section        2  libinit.o(.ARM.Collect$$libinit$$00000000)
    .ARM.Collect$$libinit$$00000001          0x20000296   Section        4  libinit2.o(.ARM.Collect$$libinit$$00000001)
    .ARM.Collect$$libinit$$00000004          0x2000029a   Section        0  libinit2.o(.ARM.Collect$$libinit$$00000004)
    .ARM.Collect$$libinit$$0000000A          0x2000029a   Section        0  libinit2.o(.ARM.Collect$$libinit$$0000000A)
    .ARM.Collect$$libinit$$0000000C          0x2000029a   Section        0  libinit2.o(.ARM.Collect$$libinit$$0000000C)
    .ARM.Collect$$libinit$$0000000E          0x2000029a   Section        0  libinit2.o(.ARM.Collect$$libinit$$0000000E)
    .ARM.Collect$$libinit$$00000011          0x2000029a   Section        0  libinit2.o(.ARM.Collect$$libinit$$00000011)
    .ARM.Collect$$libinit$$00000013          0x2000029a   Section        0  libinit2.o(.ARM.Collect$$libinit$$00000013)
    .ARM.Collect$$libinit$$00000015          0x2000029a   Section        0  libinit2.o(.ARM.Collect$$libinit$$00000015)
    .ARM.Collect$$libinit$$00000017          0x2000029a   Section        0  libinit2.o(.ARM.Collect$$libinit$$00000017)
    .ARM.Collect$$libinit$$00000019          0x2000029a   Section        0  libinit2.o(.ARM.Collect$$libinit$$00000019)
    .ARM.Collect$$libinit$$0000001B          0x2000029a   Section        0  libinit2.o(.ARM.Collect$$libinit$$0000001B)
    .ARM.Collect$$libinit$$0000001D          0x2000029a   Section        0  libinit2.o(.ARM.Collect$$libinit$$0000001D)
    .ARM.Collect$$libinit$$0000001F          0x2000029a   Section        0  libinit2.o(.ARM.Collect$$libinit$$0000001F)
    .ARM.Collect$$libinit$$00000021          0x2000029a   Section        0  libinit2.o(.ARM.Collect$$libinit$$00000021)
    .ARM.Collect$$libinit$$00000023          0x2000029a   Section        0  libinit2.o(.ARM.Collect$$libinit$$00000023)
    .ARM.Collect$$libinit$$00000025          0x2000029a   Section        0  libinit2.o(.ARM.Collect$$libinit$$00000025)
    .ARM.Collect$$libinit$$0000002C          0x2000029a   Section        0  libinit2.o(.ARM.Collect$$libinit$$0000002C)
    .ARM.Collect$$libinit$$0000002E          0x2000029a   Section        0  libinit2.o(.ARM.Collect$$libinit$$0000002E)
    .ARM.Collect$$libinit$$00000030          0x2000029a   Section        0  libinit2.o(.ARM.Collect$$libinit$$00000030)
    .ARM.Collect$$libinit$$00000032          0x2000029a   Section        0  libinit2.o(.ARM.Collect$$libinit$$00000032)
    .ARM.Collect$$libinit$$00000033          0x2000029a   Section        2  libinit2.o(.ARM.Collect$$libinit$$00000033)
    .ARM.Collect$$libshutdown$$00000000      0x2000029c   Section        2  libshutdown.o(.ARM.Collect$$libshutdown$$00000000)
    .ARM.Collect$$libshutdown$$00000002      0x2000029e   Section        0  libshutdown2.o(.ARM.Collect$$libshutdown$$00000002)
    .ARM.Collect$$libshutdown$$00000004      0x2000029e   Section        0  libshutdown2.o(.ARM.Collect$$libshutdown$$00000004)
    .ARM.Collect$$libshutdown$$00000006      0x2000029e   Section        0  libshutdown2.o(.ARM.Collect$$libshutdown$$00000006)
    .ARM.Collect$$libshutdown$$00000009      0x2000029e   Section        0  libshutdown2.o(.ARM.Collect$$libshutdown$$00000009)
    .ARM.Collect$$libshutdown$$0000000C      0x2000029e   Section        0  libshutdown2.o(.ARM.Collect$$libshutdown$$0000000C)
    .ARM.Collect$$libshutdown$$0000000E      0x2000029e   Section        0  libshutdown2.o(.ARM.Collect$$libshutdown$$0000000E)
    .ARM.Collect$$libshutdown$$00000011      0x2000029e   Section        0  libshutdown2.o(.ARM.Collect$$libshutdown$$00000011)
    .ARM.Collect$$libshutdown$$00000012      0x2000029e   Section        2  libshutdown2.o(.ARM.Collect$$libshutdown$$00000012)
    .ARM.Collect$$rtentry$$00000000          0x200002a0   Section        0  __rtentry.o(.ARM.Collect$$rtentry$$00000000)
    .ARM.Collect$$rtentry$$00000002          0x200002a0   Section        0  __rtentry2.o(.ARM.Collect$$rtentry$$00000002)
    .ARM.Collect$$rtentry$$00000004          0x200002a0   Section        6  __rtentry4.o(.ARM.Collect$$rtentry$$00000004)
    .ARM.Collect$$rtentry$$00000009          0x200002a6   Section        0  __rtentry2.o(.ARM.Collect$$rtentry$$00000009)
    .ARM.Collect$$rtentry$$0000000A          0x200002a6   Section        4  __rtentry2.o(.ARM.Collect$$rtentry$$0000000A)
    .ARM.Collect$$rtentry$$0000000C          0x200002aa   Section        0  __rtentry2.o(.ARM.Collect$$rtentry$$0000000C)
    .ARM.Collect$$rtentry$$0000000D          0x200002aa   Section        8  __rtentry2.o(.ARM.Collect$$rtentry$$0000000D)
    .ARM.Collect$$rtexit$$00000000           0x200002b2   Section        2  rtexit.o(.ARM.Collect$$rtexit$$00000000)
    .ARM.Collect$$rtexit$$00000002           0x200002b4   Section        0  rtexit2.o(.ARM.Collect$$rtexit$$00000002)
    .ARM.Collect$$rtexit$$00000003           0x200002b4   Section        4  rtexit2.o(.ARM.Collect$$rtexit$$00000003)
    .ARM.Collect$$rtexit$$00000004           0x200002b8   Section        6  rtexit2.o(.ARM.Collect$$rtexit$$00000004)
    .text                                    0x200002be   Section        0  retarget.o(.text)
    .text                                    0x200002f0   Section        0  serial.o(.text)
    .text                                    0x200003dc   Section        0  led.o(.text)
    .text                                    0x200005d0   Section        0  blinky.o(.text)
    .text                                    0x20000618   Section        0  systick.o(.text)
    .text                                    0x20000840   Section        0  clock_handler.o(.text)
    .text                                    0x200008b0   Section      300  startup_tm4c129.o(.text)
    $v0                                      0x200008b0   Number         0  startup_tm4c129.o(.text)
    .text                                    0x200009dc   Section        0  system_tm4c129.o(.text)
    .text                                    0x20000a04   Section        2  use_no_semi.o(.text)
    .text                                    0x20000a06   Section      238  lludivv7m.o(.text)
    .text                                    0x20000af4   Section        0  noretval__2printf.o(.text)
    .text                                    0x20000b0c   Section        0  _printf_dec.o(.text)
    .text                                    0x20000b84   Section        0  _printf_longlong_dec.o(.text)
    .text                                    0x20000c00   Section        0  __printf_ss.o(.text)
    .text                                    0x20000cb8   Section        0  heapauxi.o(.text)
    .text                                    0x20000cbe   Section      138  lludiv10.o(.text)
    .text                                    0x20000d48   Section        0  _printf_intcommon.o(.text)
    .text                                    0x20000dfc   Section        0  _printf_char_file.o(.text)
    .text                                    0x20000e20   Section        0  _printf_char_common.o(.text)
    _printf_input_char                       0x20000e21   Thumb Code    10  _printf_char_common.o(.text)
    .text                                    0x20000e50   Section       74  sys_stackheap_outer.o(.text)
    .text                                    0x20000e9a   Section        0  exit.o(.text)
    .text                                    0x20000eac   Section        8  libspace.o(.text)
    x$fpl$fpinit                             0x20000eb4   Section       10  fpinit.o(x$fpl$fpinit)
    $v0                                      0x20000eb4   Number         0  fpinit.o(x$fpl$fpinit)
    .constdata                               0x20000ec0   Section       16  led.o(.constdata)
    .data                                    0x20030000   Section        8  retarget.o(.data)
    .data                                    0x20030008   Section        8  systick.o(.data)
    .data                                    0x20030010   Section        6  clock_handler.o(.data)
    .data                                    0x20030018   Section        4  system_tm4c129.o(.data)
    .bss                                     0x2003001c   Section       96  libspace.o(.bss)
    HEAP                                     0x20030080   Section        0  startup_tm4c129.o(HEAP)
    STACK                                    0x20030080   Section      512  startup_tm4c129.o(STACK)
    Heap_Mem                                 0x20030080   Data           0  startup_tm4c129.o(HEAP)
    Stack_Mem                                0x20030080   Data         512  startup_tm4c129.o(STACK)
    __initial_sp                             0x20030280   Data           0  startup_tm4c129.o(STACK)

    Global Symbols

    Symbol Name                              Value     Ov Type        Size  Object(Section)

    BuildAttributes$$THM_ISAv4$E$P$D$K$B$S$7EM$VFPi3$EXTD16$VFPS$VFMA$PE$A:L22UL41UL21$X:L11$S22US41US21$IEEE1$IW$USESV6$~STKCKD$USESV7$~SHL$OSPACE$ROPI$EBA8$UX$STANDARDLIB$REQ8$PRES8$EABIv2 0x00000000   Number         0  anon$$obj.o ABSOLUTE
    __ARM_use_no_argv                        0x00000000   Number         0  blinky.o ABSOLUTE
    _printf_flags                            0x00000000   Number         0  printf_stubs.o ABSOLUTE
    _printf_return_value                     0x00000000   Number         0  printf_stubs.o ABSOLUTE
    _printf_sizespec                         0x00000000   Number         0  printf_stubs.o ABSOLUTE
    _printf_widthprec                        0x00000000   Number         0  printf_stubs.o ABSOLUTE
    __ARM_exceptions_init                     - Undefined Weak Reference
    __alloca_initialize                       - Undefined Weak Reference
    __arm_fini_                               - Undefined Weak Reference
    __arm_preinit_                            - Undefined Weak Reference
    __cpp_initialize__aeabi_                  - Undefined Weak Reference
    __cxa_finalize                            - Undefined Weak Reference
    __rt_locale                               - Undefined Weak Reference
    __sigvec_lookup                           - Undefined Weak Reference
    _atexit_init                              - Undefined Weak Reference
    _call_atexit_fns                          - Undefined Weak Reference
    _clock_init                               - Undefined Weak Reference
    _fp_trap_init                             - Undefined Weak Reference
    _fp_trap_shutdown                         - Undefined Weak Reference
    _get_lc_collate                           - Undefined Weak Reference
    _get_lc_ctype                             - Undefined Weak Reference
    _get_lc_monetary                          - Undefined Weak Reference
    _get_lc_numeric                           - Undefined Weak Reference
    _get_lc_time                              - Undefined Weak Reference
    _getenv_init                              - Undefined Weak Reference
    _handle_redirection                       - Undefined Weak Reference
    _init_alloc                               - Undefined Weak Reference
    _init_user_alloc                          - Undefined Weak Reference
    _initio                                   - Undefined Weak Reference
    _printf_post_padding                      - Undefined Weak Reference
    _printf_pre_padding                       - Undefined Weak Reference
    _printf_truncate_signed                   - Undefined Weak Reference
    _printf_truncate_unsigned                 - Undefined Weak Reference
    _rand_init                                - Undefined Weak Reference
    _signal_finish                            - Undefined Weak Reference
    _signal_init                              - Undefined Weak Reference
    _terminate_alloc                          - Undefined Weak Reference
    _terminate_user_alloc                     - Undefined Weak Reference
    _terminateio                              - Undefined Weak Reference
    __Vectors_Size                           0x00000200   Number         0  startup_tm4c129.o ABSOLUTE
    __Vectors                                0x20000000   Data           4  startup_tm4c129.o(RESET)
    __Vectors_End                            0x20000200   Data           0  startup_tm4c129.o(RESET)
    __main                                   0x20000201   Thumb Code     8  __main.o(!!!main)
    __scatterload                            0x20000209   Thumb Code     0  __scatter.o(!!!scatter)
    __scatterload_rt2                        0x20000209   Thumb Code    44  __scatter.o(!!!scatter)
    __scatterload_rt2_thumb_only             0x20000209   Thumb Code     0  __scatter.o(!!!scatter)
    __scatterload_null                       0x20000217   Thumb Code     0  __scatter.o(!!!scatter)
    __scatterload_copy                       0x2000023d   Thumb Code    26  __scatter_copy.o(!!handler_copy)
    __scatterload_zeroinit                   0x20000259   Thumb Code    28  __scatter_zi.o(!!handler_zi)
    _printf_ll                               0x20000275   Thumb Code     0  _printf_ll.o(.ARM.Collect$$_printf_percent$$00000007)
    _printf_percent                          0x20000275   Thumb Code     0  _printf_percent.o(.ARM.Collect$$_printf_percent$$00000000)
    _printf_d                                0x2000027f   Thumb Code     0  _printf_d.o(.ARM.Collect$$_printf_percent$$00000009)
    _printf_u                                0x20000285   Thumb Code     0  _printf_u.o(.ARM.Collect$$_printf_percent$$0000000A)
    _printf_llu                              0x2000028b   Thumb Code     0  _printf_llu.o(.ARM.Collect$$_printf_percent$$0000000F)
    _printf_percent_end                      0x20000291   Thumb Code     0  _printf_percent_end.o(.ARM.Collect$$_printf_percent$$00000017)
    __rt_lib_init                            0x20000295   Thumb Code     0  libinit.o(.ARM.Collect$$libinit$$00000000)
    __rt_lib_init_fp_1                       0x20000297   Thumb Code     0  libinit2.o(.ARM.Collect$$libinit$$00000001)
    __rt_lib_init_alloca_1                   0x2000029b   Thumb Code     0  libinit2.o(.ARM.Collect$$libinit$$0000002E)
    __rt_lib_init_argv_1                     0x2000029b   Thumb Code     0  libinit2.o(.ARM.Collect$$libinit$$0000002C)
    __rt_lib_init_atexit_1                   0x2000029b   Thumb Code     0  libinit2.o(.ARM.Collect$$libinit$$0000001B)
    __rt_lib_init_clock_1                    0x2000029b   Thumb Code     0  libinit2.o(.ARM.Collect$$libinit$$00000021)
    __rt_lib_init_cpp_1                      0x2000029b   Thumb Code     0  libinit2.o(.ARM.Collect$$libinit$$00000032)
    __rt_lib_init_exceptions_1               0x2000029b   Thumb Code     0  libinit2.o(.ARM.Collect$$libinit$$00000030)
    __rt_lib_init_fp_trap_1                  0x2000029b   Thumb Code     0  libinit2.o(.ARM.Collect$$libinit$$0000001F)
    __rt_lib_init_getenv_1                   0x2000029b   Thumb Code     0  libinit2.o(.ARM.Collect$$libinit$$00000023)
    __rt_lib_init_heap_1                     0x2000029b   Thumb Code     0  libinit2.o(.ARM.Collect$$libinit$$0000000A)
    __rt_lib_init_lc_collate_1               0x2000029b   Thumb Code     0  libinit2.o(.ARM.Collect$$libinit$$00000011)
    __rt_lib_init_lc_ctype_1                 0x2000029b   Thumb Code     0  libinit2.o(.ARM.Collect$$libinit$$00000013)
    __rt_lib_init_lc_monetary_1              0x2000029b   Thumb Code     0  libinit2.o(.ARM.Collect$$libinit$$00000015)
    __rt_lib_init_lc_numeric_1               0x2000029b   Thumb Code     0  libinit2.o(.ARM.Collect$$libinit$$00000017)
    __rt_lib_init_lc_time_1                  0x2000029b   Thumb Code     0  libinit2.o(.ARM.Collect$$libinit$$00000019)
    __rt_lib_init_preinit_1                  0x2000029b   Thumb Code     0  libinit2.o(.ARM.Collect$$libinit$$00000004)
    __rt_lib_init_rand_1                     0x2000029b   Thumb Code     0  libinit2.o(.ARM.Collect$$libinit$$0000000E)
    __rt_lib_init_return                     0x2000029b   Thumb Code     0  libinit2.o(.ARM.Collect$$libinit$$00000033)
    __rt_lib_init_signal_1                   0x2000029b   Thumb Code     0  libinit2.o(.ARM.Collect$$libinit$$0000001D)
    __rt_lib_init_stdio_1                    0x2000029b   Thumb Code     0  libinit2.o(.ARM.Collect$$libinit$$00000025)
    __rt_lib_init_user_alloc_1               0x2000029b   Thumb Code     0  libinit2.o(.ARM.Collect$$libinit$$0000000C)
    __rt_lib_shutdown                        0x2000029d   Thumb Code     0  libshutdown.o(.ARM.Collect$$libshutdown$$00000000)
    __rt_lib_shutdown_cpp_1                  0x2000029f   Thumb Code     0  libshutdown2.o(.ARM.Collect$$libshutdown$$00000004)
    __rt_lib_shutdown_fini_1                 0x2000029f   Thumb Code     0  libshutdown2.o(.ARM.Collect$$libshutdown$$00000002)
    __rt_lib_shutdown_fp_trap_1              0x2000029f   Thumb Code     0  libshutdown2.o(.ARM.Collect$$libshutdown$$00000009)
    __rt_lib_shutdown_heap_1                 0x2000029f   Thumb Code     0  libshutdown2.o(.ARM.Collect$$libshutdown$$00000011)
    __rt_lib_shutdown_return                 0x2000029f   Thumb Code     0  libshutdown2.o(.ARM.Collect$$libshutdown$$00000012)
    __rt_lib_shutdown_signal_1               0x2000029f   Thumb Code     0  libshutdown2.o(.ARM.Collect$$libshutdown$$0000000C)
    __rt_lib_shutdown_stdio_1                0x2000029f   Thumb Code     0  libshutdown2.o(.ARM.Collect$$libshutdown$$00000006)
    __rt_lib_shutdown_user_alloc_1           0x2000029f   Thumb Code     0  libshutdown2.o(.ARM.Collect$$libshutdown$$0000000E)
    __rt_entry                               0x200002a1   Thumb Code     0  __rtentry.o(.ARM.Collect$$rtentry$$00000000)
    __rt_entry_presh_1                       0x200002a1   Thumb Code     0  __rtentry2.o(.ARM.Collect$$rtentry$$00000002)
    __rt_entry_sh                            0x200002a1   Thumb Code     0  __rtentry4.o(.ARM.Collect$$rtentry$$00000004)
    __rt_entry_li                            0x200002a7   Thumb Code     0  __rtentry2.o(.ARM.Collect$$rtentry$$0000000A)
    __rt_entry_postsh_1                      0x200002a7   Thumb Code     0  __rtentry2.o(.ARM.Collect$$rtentry$$00000009)
    __rt_entry_main                          0x200002ab   Thumb Code     0  __rtentry2.o(.ARM.Collect$$rtentry$$0000000D)
    __rt_entry_postli_1                      0x200002ab   Thumb Code     0  __rtentry2.o(.ARM.Collect$$rtentry$$0000000C)
    __rt_exit                                0x200002b3   Thumb Code     0  rtexit.o(.ARM.Collect$$rtexit$$00000000)
    __rt_exit_ls                             0x200002b5   Thumb Code     0  rtexit2.o(.ARM.Collect$$rtexit$$00000003)
    __rt_exit_prels_1                        0x200002b5   Thumb Code     0  rtexit2.o(.ARM.Collect$$rtexit$$00000002)
    __rt_exit_exit                           0x200002b9   Thumb Code     0  rtexit2.o(.ARM.Collect$$rtexit$$00000004)
    fputc                                    0x200002bf   Thumb Code    14  retarget.o(.text)
    fgetc                                    0x200002cd   Thumb Code    10  retarget.o(.text)
    ferror                                   0x200002d7   Thumb Code     8  retarget.o(.text)
    _ttywrch                                 0x200002df   Thumb Code    12  retarget.o(.text)
    _sys_exit                                0x200002eb   Thumb Code     4  retarget.o(.text)
    SER_Initialize                           0x200002f1   Thumb Code   172  serial.o(.text)
    SER_PutChar                              0x2000039d   Thumb Code    22  serial.o(.text)
    SER_GetChar                              0x200003b3   Thumb Code    22  serial.o(.text)
    LED_Initialize                           0x200003dd   Thumb Code    94  led.o(.text)
    LED_On                                   0x2000043b   Thumb Code   112  led.o(.text)
    LED_Off                                  0x200004ab   Thumb Code   112  led.o(.text)
    LED_Out                                  0x2000051b   Thumb Code    38  led.o(.text)
    LED_Toggle                               0x20000541   Thumb Code   112  led.o(.text)
    main                                     0x200005d1   Thumb Code    70  blinky.o(.text)
    SysTick_Handler                          0x20000619   Thumb Code    12  systick.o(.text)
    delay                                    0x20000625   Thumb Code    20  systick.o(.text)
    initCycle                                0x20000639   Thumb Code    14  systick.o(.text)
    waitEndCycle                             0x20000647   Thumb Code    20  systick.o(.text)
    singleTest                               0x2000065b   Thumb Code   160  systick.o(.text)
    MultipleTest                             0x200006fb   Thumb Code    70  systick.o(.text)
    initSysTick1ms                           0x20000741   Thumb Code    86  systick.o(.text)
    disableSysTick                           0x20000797   Thumb Code    18  systick.o(.text)
    enableSysTick                            0x200007a9   Thumb Code    18  systick.o(.text)
    incrementarHora                          0x20000841   Thumb Code    24  clock_handler.o(.text)
    incrementarMinuto                        0x20000859   Thumb Code    30  clock_handler.o(.text)
    incrementarSegundo                       0x20000877   Thumb Code    30  clock_handler.o(.text)
    configurarHora                           0x20000895   Thumb Code    14  clock_handler.o(.text)
    Reset_Handler                            0x200008b1   Thumb Code     8  startup_tm4c129.o(.text)
    NMI_Handler                              0x200008b9   Thumb Code     2  startup_tm4c129.o(.text)
    HardFault_Handler                        0x200008bb   Thumb Code     2  startup_tm4c129.o(.text)
    MemManage_Handler                        0x200008bd   Thumb Code     2  startup_tm4c129.o(.text)
    BusFault_Handler                         0x200008bf   Thumb Code     2  startup_tm4c129.o(.text)
    UsageFault_Handler                       0x200008c1   Thumb Code     2  startup_tm4c129.o(.text)
    SVC_Handler                              0x200008c3   Thumb Code     2  startup_tm4c129.o(.text)
    DebugMon_Handler                         0x200008c5   Thumb Code     2  startup_tm4c129.o(.text)
    PendSV_Handler                           0x200008c7   Thumb Code     2  startup_tm4c129.o(.text)
    GPIOA_Handler                            0x200008cb   Thumb Code     2  startup_tm4c129.o(.text)
    GPIOB_Handler                            0x200008cd   Thumb Code     2  startup_tm4c129.o(.text)
    GPIOC_Handler                            0x200008cf   Thumb Code     2  startup_tm4c129.o(.text)
    GPIOD_Handler                            0x200008d1   Thumb Code     2  startup_tm4c129.o(.text)
    GPIOE_Handler                            0x200008d3   Thumb Code     2  startup_tm4c129.o(.text)
    UART0_Handler                            0x200008d5   Thumb Code     2  startup_tm4c129.o(.text)
    UART1_Handler                            0x200008d7   Thumb Code     2  startup_tm4c129.o(.text)
    SSI0_Handler                             0x200008d9   Thumb Code     2  startup_tm4c129.o(.text)
    I2C0_Handler                             0x200008db   Thumb Code     2  startup_tm4c129.o(.text)
    PMW0_FAULT_Handler                       0x200008dd   Thumb Code     2  startup_tm4c129.o(.text)
    PWM0_0_Handler                           0x200008df   Thumb Code     2  startup_tm4c129.o(.text)
    PWM0_1_Handler                           0x200008e1   Thumb Code     2  startup_tm4c129.o(.text)
    PWM0_2_Handler                           0x200008e3   Thumb Code     2  startup_tm4c129.o(.text)
    QEI0_Handler                             0x200008e5   Thumb Code     2  startup_tm4c129.o(.text)
    ADC0SS0_Handler                          0x200008e7   Thumb Code     2  startup_tm4c129.o(.text)
    ADC0SS1_Handler                          0x200008e9   Thumb Code     2  startup_tm4c129.o(.text)
    ADC0SS2_Handler                          0x200008eb   Thumb Code     2  startup_tm4c129.o(.text)
    ADC0SS3_Handler                          0x200008ed   Thumb Code     2  startup_tm4c129.o(.text)
    WDT0_Handler                             0x200008ef   Thumb Code     2  startup_tm4c129.o(.text)
    TIMER0A_Handler                          0x200008f1   Thumb Code     2  startup_tm4c129.o(.text)
    TIMER0B_Handler                          0x200008f3   Thumb Code     2  startup_tm4c129.o(.text)
    TIMER1A_Handler                          0x200008f5   Thumb Code     2  startup_tm4c129.o(.text)
    TIMER1B_Handler                          0x200008f7   Thumb Code     2  startup_tm4c129.o(.text)
    TIMER2A_Handler                          0x200008f9   Thumb Code     2  startup_tm4c129.o(.text)
    TIMER2B_Handler                          0x200008fb   Thumb Code     2  startup_tm4c129.o(.text)
    COMP0_Handler                            0x200008fd   Thumb Code     2  startup_tm4c129.o(.text)
    COMP1_Handler                            0x200008ff   Thumb Code     2  startup_tm4c129.o(.text)
    COMP2_Handler                            0x20000901   Thumb Code     2  startup_tm4c129.o(.text)
    SYSCTL_Handler                           0x20000903   Thumb Code     2  startup_tm4c129.o(.text)
    FLASH_Handler                            0x20000905   Thumb Code     2  startup_tm4c129.o(.text)
    GPIOF_Handler                            0x20000907   Thumb Code     2  startup_tm4c129.o(.text)
    GPIOG_Handler                            0x20000909   Thumb Code     2  startup_tm4c129.o(.text)
    GPIOH_Handler                            0x2000090b   Thumb Code     2  startup_tm4c129.o(.text)
    UART2_Handler                            0x2000090d   Thumb Code     2  startup_tm4c129.o(.text)
    SSI1_Handler                             0x2000090f   Thumb Code     2  startup_tm4c129.o(.text)
    TIMER3A_Handler                          0x20000911   Thumb Code     2  startup_tm4c129.o(.text)
    TIMER3B_Handler                          0x20000913   Thumb Code     2  startup_tm4c129.o(.text)
    I2C1_Handler                             0x20000915   Thumb Code     2  startup_tm4c129.o(.text)
    CAN0_Handler                             0x20000917   Thumb Code     2  startup_tm4c129.o(.text)
    CAN1_Handler                             0x20000919   Thumb Code     2  startup_tm4c129.o(.text)
    ETH_Handler                              0x2000091b   Thumb Code     2  startup_tm4c129.o(.text)
    HIB_Handler                              0x2000091d   Thumb Code     2  startup_tm4c129.o(.text)
    USB0_Handler                             0x2000091f   Thumb Code     2  startup_tm4c129.o(.text)
    PWM0_3_Handler                           0x20000921   Thumb Code     2  startup_tm4c129.o(.text)
    UDMA_Handler                             0x20000923   Thumb Code     2  startup_tm4c129.o(.text)
    UDMAERR_Handler                          0x20000925   Thumb Code     2  startup_tm4c129.o(.text)
    ADC1SS0_Handler                          0x20000927   Thumb Code     2  startup_tm4c129.o(.text)
    ADC1SS1_Handler                          0x20000929   Thumb Code     2  startup_tm4c129.o(.text)
    ADC1SS2_Handler                          0x2000092b   Thumb Code     2  startup_tm4c129.o(.text)
    ADC1SS3_Handler                          0x2000092d   Thumb Code     2  startup_tm4c129.o(.text)
    EBI0_Handler                             0x2000092f   Thumb Code     2  startup_tm4c129.o(.text)
    GPIOJ_Handler                            0x20000931   Thumb Code     2  startup_tm4c129.o(.text)
    GPIOK_Handler                            0x20000933   Thumb Code     2  startup_tm4c129.o(.text)
    GPIOL_Handler                            0x20000935   Thumb Code     2  startup_tm4c129.o(.text)
    SSI2_Handler                             0x20000937   Thumb Code     2  startup_tm4c129.o(.text)
    SSI3_Handler                             0x20000939   Thumb Code     2  startup_tm4c129.o(.text)
    UART3_Handler                            0x2000093b   Thumb Code     2  startup_tm4c129.o(.text)
    UART4_Handler                            0x2000093d   Thumb Code     2  startup_tm4c129.o(.text)
    UART5_Handler                            0x2000093f   Thumb Code     2  startup_tm4c129.o(.text)
    UART6_Handler                            0x20000941   Thumb Code     2  startup_tm4c129.o(.text)
    UART7_Handler                            0x20000943   Thumb Code     2  startup_tm4c129.o(.text)
    I2C2_Handler                             0x20000945   Thumb Code     2  startup_tm4c129.o(.text)
    I2C3_Handler                             0x20000947   Thumb Code     2  startup_tm4c129.o(.text)
    TIMER4A_Handler                          0x20000949   Thumb Code     2  startup_tm4c129.o(.text)
    TIMER4B_Handler                          0x2000094b   Thumb Code     2  startup_tm4c129.o(.text)
    TIMER5A_Handler                          0x2000094d   Thumb Code     2  startup_tm4c129.o(.text)
    TIMER5B_Handler                          0x2000094f   Thumb Code     2  startup_tm4c129.o(.text)
    WTIMER0A_Handler                         0x20000951   Thumb Code     2  startup_tm4c129.o(.text)
    WTIMER0B_Handler                         0x20000953   Thumb Code     2  startup_tm4c129.o(.text)
    WTIMER1A_Handler                         0x20000955   Thumb Code     2  startup_tm4c129.o(.text)
    WTIMER1B_Handler                         0x20000957   Thumb Code     2  startup_tm4c129.o(.text)
    WTIMER2A_Handler                         0x20000959   Thumb Code     2  startup_tm4c129.o(.text)
    WTIMER2B_Handler                         0x2000095b   Thumb Code     2  startup_tm4c129.o(.text)
    WTIMER3A_Handler                         0x2000095d   Thumb Code     2  startup_tm4c129.o(.text)
    WTIMER3B_Handler                         0x2000095f   Thumb Code     2  startup_tm4c129.o(.text)
    WTIMER4A_Handler                         0x20000961   Thumb Code     2  startup_tm4c129.o(.text)
    WTIMER4B_Handler                         0x20000963   Thumb Code     2  startup_tm4c129.o(.text)
    WTIMER5A_Handler                         0x20000965   Thumb Code     2  startup_tm4c129.o(.text)
    WTIMER5B_Handler                         0x20000967   Thumb Code     2  startup_tm4c129.o(.text)
    FPU_Handler                              0x20000969   Thumb Code     2  startup_tm4c129.o(.text)
    I2C4_Handler                             0x2000096b   Thumb Code     2  startup_tm4c129.o(.text)
    I2C5_Handler                             0x2000096d   Thumb Code     2  startup_tm4c129.o(.text)
    GPIOM_Handler                            0x2000096f   Thumb Code     2  startup_tm4c129.o(.text)
    GPION_Handler                            0x20000971   Thumb Code     2  startup_tm4c129.o(.text)
    TAMPER_Handler                           0x20000973   Thumb Code     2  startup_tm4c129.o(.text)
    GPIOP0_Handler                           0x20000975   Thumb Code     2  startup_tm4c129.o(.text)
    GPIOP1_Handler                           0x20000977   Thumb Code     2  startup_tm4c129.o(.text)
    GPIOP2_Handler                           0x20000979   Thumb Code     2  startup_tm4c129.o(.text)
    GPIOP3_Handler                           0x2000097b   Thumb Code     2  startup_tm4c129.o(.text)
    GPIOP4_Handler                           0x2000097d   Thumb Code     2  startup_tm4c129.o(.text)
    GPIOP5_Handler                           0x2000097f   Thumb Code     2  startup_tm4c129.o(.text)
    GPIOP6_Handler                           0x20000981   Thumb Code     2  startup_tm4c129.o(.text)
    GPIOP7_Handler                           0x20000983   Thumb Code     2  startup_tm4c129.o(.text)
    GPIOQ0_Handler                           0x20000985   Thumb Code     2  startup_tm4c129.o(.text)
    GPIOQ1_Handler                           0x20000987   Thumb Code     2  startup_tm4c129.o(.text)
    GPIOQ2_Handler                           0x20000989   Thumb Code     2  startup_tm4c129.o(.text)
    GPIOQ3_Handler                           0x2000098b   Thumb Code     2  startup_tm4c129.o(.text)
    GPIOQ4_Handler                           0x2000098d   Thumb Code     2  startup_tm4c129.o(.text)
    GPIOQ5_Handler                           0x2000098f   Thumb Code     2  startup_tm4c129.o(.text)
    GPIOQ6_Handler                           0x20000991   Thumb Code     2  startup_tm4c129.o(.text)
    GPIOQ7_Handler                           0x20000993   Thumb Code     2  startup_tm4c129.o(.text)
    GPIOR_Handler                            0x20000995   Thumb Code     2  startup_tm4c129.o(.text)
    GPIOS_Handler                            0x20000997   Thumb Code     2  startup_tm4c129.o(.text)
    SHAMD5_Handler                           0x20000999   Thumb Code     2  startup_tm4c129.o(.text)
    AES_Handler                              0x2000099b   Thumb Code     2  startup_tm4c129.o(.text)
    DES3DES_Handler                          0x2000099d   Thumb Code     2  startup_tm4c129.o(.text)
    LCDCONTROLLER_Handler                    0x2000099f   Thumb Code     2  startup_tm4c129.o(.text)
    TIMER6A_Handler                          0x200009a1   Thumb Code     2  startup_tm4c129.o(.text)
    TIMER6B_Handler                          0x200009a3   Thumb Code     2  startup_tm4c129.o(.text)
    TIMER7A_Handler                          0x200009a5   Thumb Code     2  startup_tm4c129.o(.text)
    TIMER7B_Handler                          0x200009a7   Thumb Code     2  startup_tm4c129.o(.text)
    I2C6_Handler                             0x200009a9   Thumb Code     2  startup_tm4c129.o(.text)
    I2C7_Handler                             0x200009ab   Thumb Code     2  startup_tm4c129.o(.text)
    HIMSCANKEYBOARD_Handler                  0x200009ad   Thumb Code     2  startup_tm4c129.o(.text)
    ONEWIRE_Handler                          0x200009af   Thumb Code     2  startup_tm4c129.o(.text)
    HIMPS2_Handler                           0x200009b1   Thumb Code     2  startup_tm4c129.o(.text)
    HIMLEDSEQUENCER_Handler                  0x200009b3   Thumb Code     2  startup_tm4c129.o(.text)
    HIMCONSUMERIR_Handler                    0x200009b5   Thumb Code     2  startup_tm4c129.o(.text)
    I2C8_Handler                             0x200009b7   Thumb Code     2  startup_tm4c129.o(.text)
    I2C9_Handler                             0x200009b9   Thumb Code     2  startup_tm4c129.o(.text)
    GPIOT_Handler                            0x200009bb   Thumb Code     2  startup_tm4c129.o(.text)
    __user_initial_stackheap                 0x200009bd   Thumb Code     0  startup_tm4c129.o(.text)
    SystemCoreClockUpdate                    0x200009dd   Thumb Code     8  system_tm4c129.o(.text)
    SystemInit                               0x200009e5   Thumb Code    20  system_tm4c129.o(.text)
    __I$use$semihosting                      0x20000a05   Thumb Code     0  use_no_semi.o(.text)
    __use_no_semihosting_swi                 0x20000a05   Thumb Code     2  use_no_semi.o(.text)
    __aeabi_uldivmod                         0x20000a07   Thumb Code     0  lludivv7m.o(.text)
    _ll_udiv                                 0x20000a07   Thumb Code   238  lludivv7m.o(.text)
    __2printf                                0x20000af5   Thumb Code    20  noretval__2printf.o(.text)
    _printf_int_dec                          0x20000b0d   Thumb Code   104  _printf_dec.o(.text)
    _printf_longlong_dec                     0x20000b85   Thumb Code   108  _printf_longlong_dec.o(.text)
    __printf                                 0x20000c01   Thumb Code   184  __printf_ss.o(.text)
    __use_two_region_memory                  0x20000cb9   Thumb Code     2  heapauxi.o(.text)
    __rt_heap_escrow$2region                 0x20000cbb   Thumb Code     2  heapauxi.o(.text)
    __rt_heap_expand$2region                 0x20000cbd   Thumb Code     2  heapauxi.o(.text)
    _ll_udiv10                               0x20000cbf   Thumb Code   138  lludiv10.o(.text)
    _printf_int_common                       0x20000d49   Thumb Code   178  _printf_intcommon.o(.text)
    _printf_char_file                        0x20000dfd   Thumb Code    32  _printf_char_file.o(.text)
    _printf_char_common                      0x20000e2b   Thumb Code    32  _printf_char_common.o(.text)
    __user_setup_stackheap                   0x20000e51   Thumb Code    74  sys_stackheap_outer.o(.text)
    exit                                     0x20000e9b   Thumb Code    18  exit.o(.text)
    __user_libspace                          0x20000ead   Thumb Code     8  libspace.o(.text)
    __user_perproc_libspace                  0x20000ead   Thumb Code     0  libspace.o(.text)
    __user_perthread_libspace                0x20000ead   Thumb Code     0  libspace.o(.text)
    _fp_init                                 0x20000eb5   Thumb Code    10  fpinit.o(x$fpl$fpinit)
    __fplib_config_fpu_vfp                   0x20000ebd   Thumb Code     0  fpinit.o(x$fpl$fpinit)
    __fplib_config_pureend_doubles           0x20000ebd   Thumb Code     0  fpinit.o(x$fpl$fpinit)
    led_mask                                 0x20000ec0   Data          16  led.o(.constdata)
    Region$$Table$$Base                      0x20000ed0   Number         0  anon$$obj.o(Region$$Table)
    Region$$Table$$Limit                     0x20000ef0   Number         0  anon$$obj.o(Region$$Table)
    __stdout                                 0x20030000   Data           4  retarget.o(.data)
    __stdin                                  0x20030004   Data           4  retarget.o(.data)
    msTicks                                  0x20030008   Data           4  systick.o(.data)
    curTicks                                 0x2003000c   Data           4  systick.o(.data)
    segundos                                 0x20030010   Data           2  clock_handler.o(.data)
    minutos                                  0x20030012   Data           2  clock_handler.o(.data)
    horas                                    0x20030014   Data           2  clock_handler.o(.data)
    SystemCoreClock                          0x20030018   Data           4  system_tm4c129.o(.data)
    __libspace_start                         0x2003001c   Data          96  libspace.o(.bss)
    __temporary_stack_top$libspace           0x2003007c   Data           0  libspace.o(.bss)



==============================================================================

Memory Map of the image

  Image Entry point : 0x20000201

  Load Region LR_IROM1 (Base: 0x20000000, Size: 0x00000f0c, Max: 0x00030000, ABSOLUTE)

    Execution Region ER_IROM1 (Exec base: 0x20000000, Load base: 0x20000000, Size: 0x00000ef0, Max: 0x00030000, ABSOLUTE)

    Exec Addr    Load Addr    Size         Type   Attr      Idx    E Section Name        Object

    0x20000000   0x20000000   0x00000200   Data   RO          245    RESET               startup_tm4c129.o
    0x20000200   0x20000200   0x00000008   Code   RO          322  * !!!main             c_w.l(__main.o)
    0x20000208   0x20000208   0x00000034   Code   RO          497    !!!scatter          c_w.l(__scatter.o)
    0x2000023c   0x2000023c   0x0000001a   Code   RO          499    !!handler_copy      c_w.l(__scatter_copy.o)
    0x20000256   0x20000256   0x00000002   PAD
    0x20000258   0x20000258   0x0000001c   Code   RO          501    !!handler_zi        c_w.l(__scatter_zi.o)
    0x20000274   0x20000274   0x00000000   Code   RO          318    .ARM.Collect$$_printf_percent$$00000000  c_w.l(_printf_percent.o)
    0x20000274   0x20000274   0x0000000a   Code   RO          336    .ARM.Collect$$_printf_percent$$00000007  c_w.l(_printf_ll.o)
    0x2000027e   0x2000027e   0x00000006   Code   RO          316    .ARM.Collect$$_printf_percent$$00000009  c_w.l(_printf_d.o)
    0x20000284   0x20000284   0x00000006   Code   RO          317    .ARM.Collect$$_printf_percent$$0000000A  c_w.l(_printf_u.o)
    0x2000028a   0x2000028a   0x00000006   Code   RO          319    .ARM.Collect$$_printf_percent$$0000000F  c_w.l(_printf_llu.o)
    0x20000290   0x20000290   0x00000004   Code   RO          335    .ARM.Collect$$_printf_percent$$00000017  c_w.l(_printf_percent_end.o)
    0x20000294   0x20000294   0x00000002   Code   RO          371    .ARM.Collect$$libinit$$00000000  c_w.l(libinit.o)
    0x20000296   0x20000296   0x00000004   Code   RO          383    .ARM.Collect$$libinit$$00000001  c_w.l(libinit2.o)
    0x2000029a   0x2000029a   0x00000000   Code   RO          386    .ARM.Collect$$libinit$$00000004  c_w.l(libinit2.o)
    0x2000029a   0x2000029a   0x00000000   Code   RO          389    .ARM.Collect$$libinit$$0000000A  c_w.l(libinit2.o)
    0x2000029a   0x2000029a   0x00000000   Code   RO          391    .ARM.Collect$$libinit$$0000000C  c_w.l(libinit2.o)
    0x2000029a   0x2000029a   0x00000000   Code   RO          393    .ARM.Collect$$libinit$$0000000E  c_w.l(libinit2.o)
    0x2000029a   0x2000029a   0x00000000   Code   RO          396    .ARM.Collect$$libinit$$00000011  c_w.l(libinit2.o)
    0x2000029a   0x2000029a   0x00000000   Code   RO          398    .ARM.Collect$$libinit$$00000013  c_w.l(libinit2.o)
    0x2000029a   0x2000029a   0x00000000   Code   RO          400    .ARM.Collect$$libinit$$00000015  c_w.l(libinit2.o)
    0x2000029a   0x2000029a   0x00000000   Code   RO          402    .ARM.Collect$$libinit$$00000017  c_w.l(libinit2.o)
    0x2000029a   0x2000029a   0x00000000   Code   RO          404    .ARM.Collect$$libinit$$00000019  c_w.l(libinit2.o)
    0x2000029a   0x2000029a   0x00000000   Code   RO          406    .ARM.Collect$$libinit$$0000001B  c_w.l(libinit2.o)
    0x2000029a   0x2000029a   0x00000000   Code   RO          408    .ARM.Collect$$libinit$$0000001D  c_w.l(libinit2.o)
    0x2000029a   0x2000029a   0x00000000   Code   RO          410    .ARM.Collect$$libinit$$0000001F  c_w.l(libinit2.o)
    0x2000029a   0x2000029a   0x00000000   Code   RO          412    .ARM.Collect$$libinit$$00000021  c_w.l(libinit2.o)
    0x2000029a   0x2000029a   0x00000000   Code   RO          414    .ARM.Collect$$libinit$$00000023  c_w.l(libinit2.o)
    0x2000029a   0x2000029a   0x00000000   Code   RO          416    .ARM.Collect$$libinit$$00000025  c_w.l(libinit2.o)
    0x2000029a   0x2000029a   0x00000000   Code   RO          420    .ARM.Collect$$libinit$$0000002C  c_w.l(libinit2.o)
    0x2000029a   0x2000029a   0x00000000   Code   RO          422    .ARM.Collect$$libinit$$0000002E  c_w.l(libinit2.o)
    0x2000029a   0x2000029a   0x00000000   Code   RO          424    .ARM.Collect$$libinit$$00000030  c_w.l(libinit2.o)
    0x2000029a   0x2000029a   0x00000000   Code   RO          426    .ARM.Collect$$libinit$$00000032  c_w.l(libinit2.o)
    0x2000029a   0x2000029a   0x00000002   Code   RO          427    .ARM.Collect$$libinit$$00000033  c_w.l(libinit2.o)
    0x2000029c   0x2000029c   0x00000002   Code   RO          451    .ARM.Collect$$libshutdown$$00000000  c_w.l(libshutdown.o)
    0x2000029e   0x2000029e   0x00000000   Code   RO          477    .ARM.Collect$$libshutdown$$00000002  c_w.l(libshutdown2.o)
    0x2000029e   0x2000029e   0x00000000   Code   RO          479    .ARM.Collect$$libshutdown$$00000004  c_w.l(libshutdown2.o)
    0x2000029e   0x2000029e   0x00000000   Code   RO          481    .ARM.Collect$$libshutdown$$00000006  c_w.l(libshutdown2.o)
    0x2000029e   0x2000029e   0x00000000   Code   RO          484    .ARM.Collect$$libshutdown$$00000009  c_w.l(libshutdown2.o)
    0x2000029e   0x2000029e   0x00000000   Code   RO          487    .ARM.Collect$$libshutdown$$0000000C  c_w.l(libshutdown2.o)
    0x2000029e   0x2000029e   0x00000000   Code   RO          489    .ARM.Collect$$libshutdown$$0000000E  c_w.l(libshutdown2.o)
    0x2000029e   0x2000029e   0x00000000   Code   RO          492    .ARM.Collect$$libshutdown$$00000011  c_w.l(libshutdown2.o)
    0x2000029e   0x2000029e   0x00000002   Code   RO          493    .ARM.Collect$$libshutdown$$00000012  c_w.l(libshutdown2.o)
    0x200002a0   0x200002a0   0x00000000   Code   RO          324    .ARM.Collect$$rtentry$$00000000  c_w.l(__rtentry.o)
    0x200002a0   0x200002a0   0x00000000   Code   RO          338    .ARM.Collect$$rtentry$$00000002  c_w.l(__rtentry2.o)
    0x200002a0   0x200002a0   0x00000006   Code   RO          350    .ARM.Collect$$rtentry$$00000004  c_w.l(__rtentry4.o)
    0x200002a6   0x200002a6   0x00000000   Code   RO          340    .ARM.Collect$$rtentry$$00000009  c_w.l(__rtentry2.o)
    0x200002a6   0x200002a6   0x00000004   Code   RO          341    .ARM.Collect$$rtentry$$0000000A  c_w.l(__rtentry2.o)
    0x200002aa   0x200002aa   0x00000000   Code   RO          343    .ARM.Collect$$rtentry$$0000000C  c_w.l(__rtentry2.o)
    0x200002aa   0x200002aa   0x00000008   Code   RO          344    .ARM.Collect$$rtentry$$0000000D  c_w.l(__rtentry2.o)
    0x200002b2   0x200002b2   0x00000002   Code   RO          375    .ARM.Collect$$rtexit$$00000000  c_w.l(rtexit.o)
    0x200002b4   0x200002b4   0x00000000   Code   RO          429    .ARM.Collect$$rtexit$$00000002  c_w.l(rtexit2.o)
    0x200002b4   0x200002b4   0x00000004   Code   RO          430    .ARM.Collect$$rtexit$$00000003  c_w.l(rtexit2.o)
    0x200002b8   0x200002b8   0x00000006   Code   RO          431    .ARM.Collect$$rtexit$$00000004  c_w.l(rtexit2.o)
    0x200002be   0x200002be   0x00000030   Code   RO            1    .text               retarget.o
    0x200002ee   0x200002ee   0x00000002   PAD
    0x200002f0   0x200002f0   0x000000ec   Code   RO           37    .text               serial.o
    0x200003dc   0x200003dc   0x000001f4   Code   RO          109    .text               led.o
    0x200005d0   0x200005d0   0x00000046   Code   RO          139    .text               blinky.o
    0x20000616   0x20000616   0x00000002   PAD
    0x20000618   0x20000618   0x00000228   Code   RO          181    .text               systick.o
    0x20000840   0x20000840   0x00000070   Code   RO          216    .text               clock_handler.o
    0x200008b0   0x200008b0   0x0000012c   Code   RO          246    .text               startup_tm4c129.o
    0x200009dc   0x200009dc   0x00000028   Code   RO          253    .text               system_tm4c129.o
    0x20000a04   0x20000a04   0x00000002   Code   RO          282    .text               c_w.l(use_no_semi.o)
    0x20000a06   0x20000a06   0x000000ee   Code   RO          284    .text               c_w.l(lludivv7m.o)
    0x20000af4   0x20000af4   0x00000018   Code   RO          288    .text               c_w.l(noretval__2printf.o)
    0x20000b0c   0x20000b0c   0x00000078   Code   RO          292    .text               c_w.l(_printf_dec.o)
    0x20000b84   0x20000b84   0x0000007c   Code   RO          294    .text               c_w.l(_printf_longlong_dec.o)
    0x20000c00   0x20000c00   0x000000b8   Code   RO          299    .text               c_w.l(__printf_ss.o)
    0x20000cb8   0x20000cb8   0x00000006   Code   RO          320    .text               c_w.l(heapauxi.o)
    0x20000cbe   0x20000cbe   0x0000008a   Code   RO          329    .text               c_w.l(lludiv10.o)
    0x20000d48   0x20000d48   0x000000b2   Code   RO          331    .text               c_w.l(_printf_intcommon.o)
    0x20000dfa   0x20000dfa   0x00000002   PAD
    0x20000dfc   0x20000dfc   0x00000024   Code   RO          333    .text               c_w.l(_printf_char_file.o)
    0x20000e20   0x20000e20   0x00000030   Code   RO          354    .text               c_w.l(_printf_char_common.o)
    0x20000e50   0x20000e50   0x0000004a   Code   RO          356    .text               c_w.l(sys_stackheap_outer.o)
    0x20000e9a   0x20000e9a   0x00000012   Code   RO          360    .text               c_w.l(exit.o)
    0x20000eac   0x20000eac   0x00000008   Code   RO          372    .text               c_w.l(libspace.o)
    0x20000eb4   0x20000eb4   0x0000000a   Code   RO          441    x$fpl$fpinit        fz_wm.l(fpinit.o)
    0x20000ebe   0x20000ebe   0x00000002   PAD
    0x20000ec0   0x20000ec0   0x00000010   Data   RO          110    .constdata          led.o
    0x20000ed0   0x20000ed0   0x00000020   Data   RO          495    Region$$Table       anon$$obj.o


    Execution Region RW_IRAM1 (Exec base: 0x20030000, Load base: 0x20000ef0, Size: 0x00000280, Max: 0x00010000, ABSOLUTE)

    Exec Addr    Load Addr    Size         Type   Attr      Idx    E Section Name        Object

    0x20030000   0x20000ef0   0x00000008   Data   RW            2    .data               retarget.o
    0x20030008   0x20000ef8   0x00000008   Data   RW          183    .data               systick.o
    0x20030010   0x20000f00   0x00000006   Data   RW          217    .data               clock_handler.o
    0x20030016   0x20000f06   0x00000002   PAD
    0x20030018   0x20000f08   0x00000004   Data   RW          254    .data               system_tm4c129.o
    0x2003001c        -       0x00000060   Zero   RW          373    .bss                c_w.l(libspace.o)
    0x2003007c   0x20000f0c   0x00000004   PAD
    0x20030080        -       0x00000000   Zero   RW          244    HEAP                startup_tm4c129.o
    0x20030080        -       0x00000200   Zero   RW          243    STACK               startup_tm4c129.o


==============================================================================

Image component sizes


      Code (inc. data)   RO Data    RW Data    ZI Data      Debug   Object Name

        70          0          0          0          0        503   blinky.o
       112         14          0          6          0       1611   clock_handler.o
       500         32         16          0          0       1770   led.o
        48          0          0          8          0       7450   retarget.o
       236         20          0          0          0      29721   serial.o
       300         22        512          0        512       5984   startup_tm4c129.o
        40         12          0          4          0        789   system_tm4c129.o
       552        134          0          8          0      31231   systick.o

    ----------------------------------------------------------------------
      1862        234        560         28        512      79059   Object Totals
         0          0         32          0          0          0   (incl. Generated)
         4          0          0          2          0          0   (incl. Padding)

    ----------------------------------------------------------------------

      Code (inc. data)   RO Data    RW Data    ZI Data      Debug   Library Member Name

         8          0          0          0          0         68   __main.o
       184          0          0          0          0         84   __printf_ss.o
         0          0          0          0          0          0   __rtentry.o
        12          0          0          0          0          0   __rtentry2.o
         6          0          0          0          0          0   __rtentry4.o
        52          8          0          0          0          0   __scatter.o
        26          0          0          0          0          0   __scatter_copy.o
        28          0          0          0          0          0   __scatter_zi.o
        48          6          0          0          0         96   _printf_char_common.o
        36          4          0          0          0         80   _printf_char_file.o
         6          0          0          0          0          0   _printf_d.o
       120         16          0          0          0         92   _printf_dec.o
       178          0          0          0          0         88   _printf_intcommon.o
        10          0          0          0          0          0   _printf_ll.o
         6          0          0          0          0          0   _printf_llu.o
       124         16          0          0          0         92   _printf_longlong_dec.o
         0          0          0          0          0          0   _printf_percent.o
         4          0          0          0          0          0   _printf_percent_end.o
         6          0          0          0          0          0   _printf_u.o
        18          0          0          0          0         80   exit.o
         6          0          0          0          0        152   heapauxi.o
         2          0          0          0          0          0   libinit.o
         6          0          0          0          0          0   libinit2.o
         2          0          0          0          0          0   libshutdown.o
         2          0          0          0          0          0   libshutdown2.o
         8          4          0          0         96         68   libspace.o
       138          0          0          0          0         80   lludiv10.o
       238          0          0          0          0        100   lludivv7m.o
        24          4          0          0          0         84   noretval__2printf.o
         2          0          0          0          0          0   rtexit.o
        10          0          0          0          0          0   rtexit2.o
        74          0          0          0          0         80   sys_stackheap_outer.o
         2          0          0          0          0         68   use_no_semi.o
        10          0          0          0          0        116   fpinit.o

    ----------------------------------------------------------------------
      1402         58          0          0        100       1428   Library Totals
         6          0          0          0          4          0   (incl. Padding)

    ----------------------------------------------------------------------

      Code (inc. data)   RO Data    RW Data    ZI Data      Debug   Library Name

      1386         58          0          0         96       1312   c_w.l
        10          0          0          0          0        116   fz_wm.l

    ----------------------------------------------------------------------
      1402         58          0          0        100       1428   Library Totals

    ----------------------------------------------------------------------

==============================================================================


      Code (inc. data)   RO Data    RW Data    ZI Data      Debug   

      3264        292        560         28        612      78815   Grand Totals
      3264        292        560         28        612      78815   ELF Image Totals
      3264        292        560         28          0          0   ROM Totals

==============================================================================

    Total RO  Size (Code + RO Data)                 3824 (   3.73kB)
    Total RW  Size (RW Data + ZI Data)               640 (   0.63kB)
    Total ROM Size (Code + RO Data + RW Data)       3852 (   3.76kB)

==============================================================================

